#
# There is insufficient memory for the Java Runtime Environment to continue.
# Native memory allocation (malloc) failed to allocate 32744 bytes. Error detail: ChunkPool::allocate
# Possible reasons:
#   The system is out of physical RAM or swap space
#   This process is running with CompressedOops enabled, and the Java Heap may be blocking the growth of the native heap
# Possible solutions:
#   Reduce memory load on the system
#   Increase physical memory or swap space
#   Check if swap backing store is full
#   Decrease Java heap size (-Xmx/-Xms)
#   Decrease number of Java threads
#   Decrease Java thread stack sizes (-Xss)
#   Set larger code cache with -XX:ReservedCodeCacheSize=
#   JVM is running with Unscaled Compressed Oops mode in which the Java heap is
#     placed in the first 4GB address space. The Java Heap base address is the
#     maximum limit for the native heap growth. Please use -XX:HeapBaseMinAddress
#     to set the Java Heap base and to place the Java Heap above 4GB virtual address.
# This output file may be truncated or incomplete.
#
#  Out of Memory Error (arena.cpp:79), pid=31856, tid=12540
#
# JRE version: OpenJDK Runtime Environment Temurin-17.0.11+9 (17.0.11+9) (build 17.0.11+9)
# Java VM: OpenJDK 64-Bit Server VM Temurin-17.0.11+9 (17.0.11+9, mixed mode, tiered, compressed oops, compressed class ptrs, parallel gc, windows-amd64)
# No core dump will be written. Minidumps are not enabled by default on client versions of Windows
#

---------------  S U M M A R Y ------------

Command Line: --add-modules=ALL-SYSTEM --add-opens=java.base/java.util=ALL-UNNAMED --add-opens=java.base/java.lang=ALL-UNNAMED --add-opens=java.base/sun.nio.fs=ALL-UNNAMED -Declipse.application=org.eclipse.jdt.ls.core.id1 -Dosgi.bundles.defaultStartLevel=4 -Declipse.product=org.eclipse.jdt.ls.core.product -Djava.import.generatesMetadataFilesAtProjectRoot=false -DDetectVMInstallationsJob.disabled=true -Dfile.encoding=utf8 -XX:+UseParallelGC -XX:GCTimeRatio=4 -XX:AdaptiveSizePolicyWeight=90 -Dsun.zip.disableMemoryMapping=true -Xmx1G -Xms100m -Xlog:disable -javaagent:c:\Users\HP\.vscode\extensions\redhat.java-1.33.0-win32-x64\lombok\lombok-1.18.33.jar -XX:+HeapDumpOnOutOfMemoryError -XX:HeapDumpPath=c:\Users\HP\AppData\Roaming\Code\User\workspaceStorage\6eb49a4891cba5a21c4f41edc10e420b\redhat.java -Daether.dependencyCollector.impl=bf c:\Users\HP\.vscode\extensions\redhat.java-1.33.0-win32-x64\server\plugins\org.eclipse.equinox.launcher_1.6.900.v20240613-2009.jar -configuration c:\Users\HP\AppData\Roaming\Code\User\globalStorage\redhat.java\1.33.0\config_win -data c:\Users\HP\AppData\Roaming\Code\User\workspaceStorage\6eb49a4891cba5a21c4f41edc10e420b\redhat.java\jdt_ws --pipe=\\.\pipe\lsp-cdf8b33dc77f86d96fc96bd8c5bc58b1-sock

Host: 12th Gen Intel(R) Core(TM) i5-1235U, 12 cores, 11G,  Windows 11 , 64 bit Build 22621 (10.0.22621.3958)
Time: Sat Aug 17 02:56:27 2024 Afr. centrale Ouest elapsed time: 54.288054 seconds (0d 0h 0m 54s)

---------------  T H R E A D  ---------------

Current thread (0x0000023efe34ea50):  JavaThread "C2 CompilerThread0" daemon [_thread_in_native, id=12540, stack(0x000000c149100000,0x000000c149200000)]


Current CompileTask:
C2:  54288 5591       4       org.eclipse.osgi.internal.loader.classpath.ClasspathManager::findLocalClassImpl (55 bytes)

Stack: [0x000000c149100000,0x000000c149200000]
Native frames: (J=compiled Java code, j=interpreted, Vv=VM code, C=native code)
V  [jvm.dll+0x67d429]
V  [jvm.dll+0x834b7a]
V  [jvm.dll+0x83663e]
V  [jvm.dll+0x836ca3]
V  [jvm.dll+0x247dbf]
V  [jvm.dll+0xac731]
V  [jvm.dll+0xacb7c]
V  [jvm.dll+0xac63b]
V  [jvm.dll+0x65acf6]
V  [jvm.dll+0x575179]
V  [jvm.dll+0x573ced]
V  [jvm.dll+0x57323e]
V  [jvm.dll+0x573251]
V  [jvm.dll+0x573251]
V  [jvm.dll+0x573251]
V  [jvm.dll+0x573251]
V  [jvm.dll+0x573205]
V  [jvm.dll+0x58511f]
V  [jvm.dll+0x222d82]
V  [jvm.dll+0x21bff2]
V  [jvm.dll+0x2197a1]
V  [jvm.dll+0x1a534d]
V  [jvm.dll+0x2295cd]
V  [jvm.dll+0x22779c]
V  [jvm.dll+0x7e9d07]
V  [jvm.dll+0x7e410a]
V  [jvm.dll+0x67c315]
C  [ucrtbase.dll+0x29333]
C  [KERNEL32.DLL+0x1257d]
C  [ntdll.dll+0x5af28]


---------------  P R O C E S S  ---------------

Threads class SMR info:
_java_thread_list=0x0000023e882a33c0, length=41, elements={
0x0000023eea4c8aa0, 0x0000023efe344020, 0x0000023efe3462a0, 0x0000023efe34bfe0,
0x0000023efe34c9b0, 0x0000023efe34d480, 0x0000023efe34de50, 0x0000023efe34ea50,
0x0000023eff46e500, 0x0000023eff4731e0, 0x0000023eff51e4e0, 0x0000023eff6ae3c0,
0x0000023e85026ba0, 0x0000023e85255650, 0x0000023e84c073e0, 0x0000023e84dd17f0,
0x0000023e84e5dfa0, 0x0000023e85300060, 0x0000023e852fec20, 0x0000023e85300570,
0x0000023e85300a80, 0x0000023e85300f90, 0x0000023e853014a0, 0x0000023e853019b0,
0x0000023e852ff130, 0x0000023e852ff640, 0x0000023e85301ec0, 0x0000023e8854ac40,
0x0000023e88549800, 0x0000023e8854a220, 0x0000023e8854c590, 0x0000023e8854c080,
0x0000023e8854ee10, 0x0000023e885483c0, 0x0000023e8854caa0, 0x0000023e8854b660,
0x0000023e885488d0, 0x0000023e8854dee0, 0x0000023e8854e3f0, 0x0000023e8854cfb0,
0x0000023e85d5df60
}

Java Threads: ( => current thread )
  0x0000023eea4c8aa0 JavaThread "main" [_thread_blocked, id=23920, stack(0x000000c148700000,0x000000c148800000)]
  0x0000023efe344020 JavaThread "Reference Handler" daemon [_thread_blocked, id=33348, stack(0x000000c148a00000,0x000000c148b00000)]
  0x0000023efe3462a0 JavaThread "Finalizer" daemon [_thread_blocked, id=2156, stack(0x000000c148b00000,0x000000c148c00000)]
  0x0000023efe34bfe0 JavaThread "Signal Dispatcher" daemon [_thread_blocked, id=18412, stack(0x000000c148d00000,0x000000c148e00000)]
  0x0000023efe34c9b0 JavaThread "Attach Listener" daemon [_thread_blocked, id=26724, stack(0x000000c148e00000,0x000000c148f00000)]
  0x0000023efe34d480 JavaThread "Service Thread" daemon [_thread_blocked, id=40820, stack(0x000000c148f00000,0x000000c149000000)]
  0x0000023efe34de50 JavaThread "Monitor Deflation Thread" daemon [_thread_blocked, id=2476, stack(0x000000c149000000,0x000000c149100000)]
=>0x0000023efe34ea50 JavaThread "C2 CompilerThread0" daemon [_thread_in_native, id=12540, stack(0x000000c149100000,0x000000c149200000)]
  0x0000023eff46e500 JavaThread "C1 CompilerThread0" daemon [_thread_blocked, id=39036, stack(0x000000c149200000,0x000000c149300000)]
  0x0000023eff4731e0 JavaThread "Sweeper thread" daemon [_thread_blocked, id=32124, stack(0x000000c149300000,0x000000c149400000)]
  0x0000023eff51e4e0 JavaThread "Common-Cleaner" daemon [_thread_blocked, id=23416, stack(0x000000c149400000,0x000000c149500000)]
  0x0000023eff6ae3c0 JavaThread "Notification Thread" daemon [_thread_blocked, id=14724, stack(0x000000c149500000,0x000000c149600000)]
  0x0000023e85026ba0 JavaThread "Active Thread: Equinox Container: 992f049f-87ee-440e-93bd-fdd15a734510" [_thread_blocked, id=17720, stack(0x000000c149d00000,0x000000c149e00000)]
  0x0000023e85255650 JavaThread "Framework Event Dispatcher: Equinox Container: 992f049f-87ee-440e-93bd-fdd15a734510" daemon [_thread_blocked, id=26644, stack(0x000000c149e00000,0x000000c149f00000)]
  0x0000023e84c073e0 JavaThread "Start Level: Equinox Container: 992f049f-87ee-440e-93bd-fdd15a734510" daemon [_thread_blocked, id=32852, stack(0x000000c149f00000,0x000000c14a000000)]
  0x0000023e84dd17f0 JavaThread "Bundle File Closer" daemon [_thread_blocked, id=38264, stack(0x000000c14a100000,0x000000c14a200000)]
  0x0000023e84e5dfa0 JavaThread "SCR Component Actor" daemon [_thread_blocked, id=38984, stack(0x000000c14a300000,0x000000c14a400000)]
  0x0000023e85300060 JavaThread "Worker-JM" [_thread_blocked, id=37120, stack(0x000000c14a600000,0x000000c14a700000)]
  0x0000023e852fec20 JavaThread "JNA Cleaner" daemon [_thread_blocked, id=30260, stack(0x000000c14a700000,0x000000c14a800000)]
  0x0000023e85300570 JavaThread "Worker-0" [_thread_blocked, id=31920, stack(0x000000c14a800000,0x000000c14a900000)]
  0x0000023e85300a80 JavaThread "Worker-1" [_thread_blocked, id=40776, stack(0x000000c14a900000,0x000000c14aa00000)]
  0x0000023e85300f90 JavaThread "Worker-2" [_thread_blocked, id=26188, stack(0x000000c14aa00000,0x000000c14ab00000)]
  0x0000023e853014a0 JavaThread "Worker-3" [_thread_blocked, id=39432, stack(0x000000c14ab00000,0x000000c14ac00000)]
  0x0000023e853019b0 JavaThread "Java indexing" daemon [_thread_blocked, id=31700, stack(0x000000c14ac00000,0x000000c14ad00000)]
  0x0000023e852ff130 JavaThread "Thread-2" daemon [_thread_in_native, id=31336, stack(0x000000c14af00000,0x000000c14b000000)]
  0x0000023e852ff640 JavaThread "Thread-3" daemon [_thread_in_native, id=28648, stack(0x000000c14b000000,0x000000c14b100000)]
  0x0000023e85301ec0 JavaThread "Thread-4" daemon [_thread_in_native, id=8156, stack(0x000000c14b100000,0x000000c14b200000)]
  0x0000023e8854ac40 JavaThread "Thread-5" daemon [_thread_in_native, id=29140, stack(0x000000c14b200000,0x000000c14b300000)]
  0x0000023e88549800 JavaThread "Thread-6" daemon [_thread_in_native, id=7916, stack(0x000000c14b300000,0x000000c14b400000)]
  0x0000023e8854a220 JavaThread "Thread-7" daemon [_thread_in_native, id=36260, stack(0x000000c14b400000,0x000000c14b500000)]
  0x0000023e8854c590 JavaThread "Thread-8" daemon [_thread_in_native, id=34936, stack(0x000000c14b500000,0x000000c14b600000)]
  0x0000023e8854c080 JavaThread "Thread-9" daemon [_thread_in_native, id=35116, stack(0x000000c14b600000,0x000000c14b700000)]
  0x0000023e8854ee10 JavaThread "Thread-10" daemon [_thread_in_native, id=38504, stack(0x000000c14b700000,0x000000c14b800000)]
  0x0000023e885483c0 JavaThread "Thread-11" daemon [_thread_in_native, id=19696, stack(0x000000c14b800000,0x000000c14b900000)]
  0x0000023e8854caa0 JavaThread "Thread-12" daemon [_thread_in_native, id=8148, stack(0x000000c14b900000,0x000000c14ba00000)]
  0x0000023e8854b660 JavaThread "Thread-13" daemon [_thread_in_native, id=18272, stack(0x000000c14ba00000,0x000000c14bb00000)]
  0x0000023e885488d0 JavaThread "Thread-14" daemon [_thread_in_native, id=1708, stack(0x000000c14bb00000,0x000000c14bc00000)]
  0x0000023e8854dee0 JavaThread "pool-2-thread-1" [_thread_blocked, id=4972, stack(0x000000c14bc00000,0x000000c14bd00000)]
  0x0000023e8854e3f0 JavaThread "WorkspaceEventsHandler" [_thread_blocked, id=35576, stack(0x000000c14bd00000,0x000000c14be00000)]
  0x0000023e8854cfb0 JavaThread "pool-1-thread-1" [_thread_in_vm, id=16660, stack(0x000000c14be00000,0x000000c14bf00000)]
  0x0000023e85d5df60 JavaThread "C2 CompilerThread1" daemon [_thread_in_native, id=22584, stack(0x000000c14bf00000,0x000000c14c000000)]

Other Threads:
  0x0000023eff3e4870 VMThread "VM Thread" [stack: 0x000000c148900000,0x000000c148a00000] [id=2060]
  0x0000023eff747460 WatcherThread [stack: 0x000000c149600000,0x000000c149700000] [id=37800]
  0x0000023eea4ddea0 GCTaskThread "GC Thread#0" [stack: 0x000000c148800000,0x000000c148900000] [id=18212]
  0x0000023e84dadd60 GCTaskThread "GC Thread#1" [stack: 0x000000c149700000,0x000000c149800000] [id=37836]
  0x0000023e84fa17a0 GCTaskThread "GC Thread#2" [stack: 0x000000c149800000,0x000000c149900000] [id=40220]
  0x0000023e851b2840 GCTaskThread "GC Thread#3" [stack: 0x000000c149900000,0x000000c149a00000] [id=37936]
  0x0000023e8522cad0 GCTaskThread "GC Thread#4" [stack: 0x000000c149a00000,0x000000c149b00000] [id=32380]
  0x0000023e8522cd90 GCTaskThread "GC Thread#5" [stack: 0x000000c149b00000,0x000000c149c00000] [id=27136]
  0x0000023e8522d050 GCTaskThread "GC Thread#6" [stack: 0x000000c149c00000,0x000000c149d00000] [id=34948]
  0x0000023eff5b1730 GCTaskThread "GC Thread#7" [stack: 0x000000c14a000000,0x000000c14a100000] [id=2284]
  0x0000023eff6244c0 GCTaskThread "GC Thread#8" [stack: 0x000000c14a200000,0x000000c14a300000] [id=37636]
  0x0000023e855fc650 GCTaskThread "GC Thread#9" [stack: 0x000000c14a500000,0x000000c14a600000] [id=26012]

Threads with active compile tasks:
C2 CompilerThread0    54355 5591       4       org.eclipse.osgi.internal.loader.classpath.ClasspathManager::findLocalClassImpl (55 bytes)
C2 CompilerThread1    54355 5595   !   4       org.eclipse.osgi.internal.loader.classpath.ClasspathManager::findLocalClass (210 bytes)

VM state: not at safepoint (normal execution)

VM Mutex/Monitor currently owned by a thread: None

Heap address: 0x00000000c0000000, size: 1024 MB, Compressed Oops mode: 32-bit

CDS archive(s) not mapped
Compressed class space mapped at: 0x0000000100000000-0x0000000140000000, reserved size: 1073741824
Narrow klass base: 0x0000000000000000, Narrow klass shift: 3, Narrow klass range: 0x140000000

GC Precious Log:
 CPUs: 12 total, 12 available
 Memory: 11956M
 Large Page Support: Disabled
 NUMA Support: Disabled
 Compressed Oops: Enabled (32-bit)
 Alignments: Space 512K, Generation 512K, Heap 2M
 Heap Min Capacity: 100M
 Heap Initial Capacity: 100M
 Heap Max Capacity: 1G
 Pre-touch: Disabled
 Parallel Workers: 10

Heap:
 PSYoungGen      total 22528K, used 8349K [0x00000000eab00000, 0x00000000ec680000, 0x0000000100000000)
  eden space 22016K, 35% used [0x00000000eab00000,0x00000000eb2a8f18,0x00000000ec080000)
  from space 512K, 98% used [0x00000000ec500000,0x00000000ec57e580,0x00000000ec580000)
  to   space 3072K, 0% used [0x00000000ec080000,0x00000000ec080000,0x00000000ec380000)
 ParOldGen       total 68608K, used 20118K [0x00000000c0000000, 0x00000000c4300000, 0x00000000eab00000)
  object space 68608K, 29% used [0x00000000c0000000,0x00000000c13a5a70,0x00000000c4300000)
 Metaspace       used 50519K, committed 51520K, reserved 1114112K
  class space    used 5466K, committed 5888K, reserved 1048576K

Card table byte_map: [0x0000023ee9e50000,0x0000023eea060000] _byte_map_base: 0x0000023ee9850000

Marking Bits: (ParMarkBitMap*) 0x00007ffb043dd820
 Begin Bits: [0x0000023efc150000, 0x0000023efd150000)
 End Bits:   [0x0000023efd150000, 0x0000023efe150000)

Polling page: 0x0000023ee8460000

Metaspace:

Usage:
  Non-class:     44.00 MB used.
      Class:      5.34 MB used.
       Both:     49.34 MB used.

Virtual space:
  Non-class space:       64.00 MB reserved,      44.56 MB ( 70%) committed,  1 nodes.
      Class space:        1.00 GB reserved,       5.75 MB ( <1%) committed,  1 nodes.
             Both:        1.06 GB reserved,      50.31 MB (  5%) committed. 

Chunk freelists:
   Non-Class:  3.41 MB
       Class:  10.18 MB
        Both:  13.59 MB

MaxMetaspaceSize: unlimited
CompressedClassSpaceSize: 1.00 GB
Initial GC threshold: 21.00 MB
Current GC threshold: 58.38 MB
CDS: off
MetaspaceReclaimPolicy: balanced
 - commit_granule_bytes: 65536.
 - commit_granule_words: 8192.
 - virtual_space_node_default_size: 8388608.
 - enlarge_chunks_in_place: 1.
 - new_chunks_are_fully_committed: 0.
 - uncommit_free_chunks: 1.
 - use_allocation_guard: 0.
 - handle_deallocations: 1.


Internal statistics:

num_allocs_failed_limit: 6.
num_arena_births: 552.
num_arena_deaths: 38.
num_vsnodes_births: 2.
num_vsnodes_deaths: 0.
num_space_committed: 805.
num_space_uncommitted: 0.
num_chunks_returned_to_freelist: 52.
num_chunks_taken_from_freelist: 2520.
num_chunk_merges: 10.
num_chunk_splits: 1522.
num_chunks_enlarged: 870.
num_inconsistent_stats: 0.

CodeHeap 'non-profiled nmethods': size=120000Kb used=2501Kb max_used=2501Kb free=117498Kb
 bounds [0x0000023ef4c20000, 0x0000023ef4ea0000, 0x0000023efc150000]
CodeHeap 'profiled nmethods': size=120000Kb used=12180Kb max_used=12180Kb free=107819Kb
 bounds [0x0000023eed150000, 0x0000023eedd40000, 0x0000023ef4680000]
CodeHeap 'non-nmethods': size=5760Kb used=1305Kb max_used=1353Kb free=4454Kb
 bounds [0x0000023ef4680000, 0x0000023ef48f0000, 0x0000023ef4c20000]
 total_blobs=6259 nmethods=5626 adapters=546
 compilation: enabled
              stopped_count=0, restarted_count=0
 full_count=0

Compilation events (20 events):
Event: 54.207 Thread 0x0000023eff46e500 5621       3       com.google.gson.stream.JsonReader::endObject (100 bytes)
Event: 54.208 Thread 0x0000023eff46e500 nmethod 5621 0x0000023eedd26410 code [0x0000023eedd266c0, 0x0000023eedd27378]
Event: 54.208 Thread 0x0000023eff46e500 5623       3       com.google.gson.internal.LinkedTreeMap::<init> (47 bytes)
Event: 54.209 Thread 0x0000023eff46e500 nmethod 5623 0x0000023eedd27810 code [0x0000023eedd279c0, 0x0000023eedd27d78]
Event: 54.209 Thread 0x0000023eff46e500 5624       3       com.google.gson.internal.LinkedTreeMap$Node::<init> (25 bytes)
Event: 54.209 Thread 0x0000023eff46e500 nmethod 5624 0x0000023eedd27f10 code [0x0000023eedd280a0, 0x0000023eedd28258]
Event: 54.209 Thread 0x0000023eff46e500 5627       3       com.google.gson.internal.bind.MapTypeAdapterFactory$Adapter::read (6 bytes)
Event: 54.209 Thread 0x0000023eff46e500 nmethod 5627 0x0000023eedd28310 code [0x0000023eedd284a0, 0x0000023eedd285e8]
Event: 54.211 Thread 0x0000023eff46e500 5629       3       java.util.Properties$LineReader::readLine (584 bytes)
Event: 54.215 Thread 0x0000023eff46e500 nmethod 5629 0x0000023eedd28690 code [0x0000023eedd28a60, 0x0000023eedd2b538]
Event: 54.215 Thread 0x0000023eff46e500 5630       3       jdk.internal.org.objectweb.asm.MethodVisitor::visitFieldInsn (20 bytes)
Event: 54.215 Thread 0x0000023eff46e500 nmethod 5630 0x0000023eedd2c210 code [0x0000023eedd2c3c0, 0x0000023eedd2c5c8]
Event: 54.246 Thread 0x0000023eff46e500 5631       3       com.google.common.base.CharMatcher$Is::matches (14 bytes)
Event: 54.246 Thread 0x0000023eff46e500 nmethod 5631 0x0000023eedd2c690 code [0x0000023eedd2c820, 0x0000023eedd2c998]
Event: 54.255 Thread 0x0000023eff46e500 5632       3       org.eclipse.core.internal.resources.ResourceInfo::isSet (14 bytes)
Event: 54.255 Thread 0x0000023eff46e500 nmethod 5632 0x0000023eedd2ca10 code [0x0000023eedd2cba0, 0x0000023eedd2cd18]
Event: 54.257 Thread 0x0000023eff46e500 5633       3       org.eclipse.core.internal.dtree.DeltaDataTree::lookup (158 bytes)
Event: 54.259 Thread 0x0000023eff46e500 nmethod 5633 0x0000023eedd2cd90 code [0x0000023eedd2d020, 0x0000023eedd2dde8]
Event: 54.264 Thread 0x0000023eff46e500 5634       3       org.eclipse.core.internal.resources.Resource::getResourceInfo (14 bytes)
Event: 54.264 Thread 0x0000023eff46e500 nmethod 5634 0x0000023eedd2e310 code [0x0000023eedd2e4c0, 0x0000023eedd2e6c8]

GC Heap History (20 events):
Event: 48.889 GC heap before
{Heap before GC invocations=9 (full 1):
 PSYoungGen      total 27136K, used 27123K [0x00000000eab00000, 0x00000000eca00000, 0x0000000100000000)
  eden space 24576K, 100% used [0x00000000eab00000,0x00000000ec300000,0x00000000ec300000)
  from space 2560K, 99% used [0x00000000ec580000,0x00000000ec7fcf70,0x00000000ec800000)
  to   space 2048K, 0% used [0x00000000ec800000,0x00000000ec800000,0x00000000eca00000)
 ParOldGen       total 68608K, used 10997K [0x00000000c0000000, 0x00000000c4300000, 0x00000000eab00000)
  object space 68608K, 16% used [0x00000000c0000000,0x00000000c0abd5e0,0x00000000c4300000)
 Metaspace       used 30137K, committed 30784K, reserved 1114112K
  class space    used 2985K, committed 3264K, reserved 1048576K
}
Event: 48.891 GC heap after
{Heap after GC invocations=9 (full 1):
 PSYoungGen      total 26112K, used 2033K [0x00000000eab00000, 0x00000000eca00000, 0x0000000100000000)
  eden space 24064K, 0% used [0x00000000eab00000,0x00000000eab00000,0x00000000ec280000)
  from space 2048K, 99% used [0x00000000ec800000,0x00000000ec9fc788,0x00000000eca00000)
  to   space 3072K, 0% used [0x00000000ec400000,0x00000000ec400000,0x00000000ec700000)
 ParOldGen       total 68608K, used 11878K [0x00000000c0000000, 0x00000000c4300000, 0x00000000eab00000)
  object space 68608K, 17% used [0x00000000c0000000,0x00000000c0b999e0,0x00000000c4300000)
 Metaspace       used 30137K, committed 30784K, reserved 1114112K
  class space    used 2985K, committed 3264K, reserved 1048576K
}
Event: 49.355 GC heap before
{Heap before GC invocations=10 (full 1):
 PSYoungGen      total 26112K, used 26097K [0x00000000eab00000, 0x00000000eca00000, 0x0000000100000000)
  eden space 24064K, 100% used [0x00000000eab00000,0x00000000ec280000,0x00000000ec280000)
  from space 2048K, 99% used [0x00000000ec800000,0x00000000ec9fc788,0x00000000eca00000)
  to   space 3072K, 0% used [0x00000000ec400000,0x00000000ec400000,0x00000000ec700000)
 ParOldGen       total 68608K, used 11878K [0x00000000c0000000, 0x00000000c4300000, 0x00000000eab00000)
  object space 68608K, 17% used [0x00000000c0000000,0x00000000c0b999e0,0x00000000c4300000)
 Metaspace       used 33337K, committed 34112K, reserved 1114112K
  class space    used 3320K, committed 3648K, reserved 1048576K
}
Event: 49.359 GC heap after
{Heap after GC invocations=10 (full 1):
 PSYoungGen      total 26112K, used 2055K [0x00000000eab00000, 0x00000000ec880000, 0x0000000100000000)
  eden space 23552K, 0% used [0x00000000eab00000,0x00000000eab00000,0x00000000ec200000)
  from space 2560K, 80% used [0x00000000ec400000,0x00000000ec601ef8,0x00000000ec680000)
  to   space 2048K, 0% used [0x00000000ec680000,0x00000000ec680000,0x00000000ec880000)
 ParOldGen       total 68608K, used 12560K [0x00000000c0000000, 0x00000000c4300000, 0x00000000eab00000)
  object space 68608K, 18% used [0x00000000c0000000,0x00000000c0c44078,0x00000000c4300000)
 Metaspace       used 33337K, committed 34112K, reserved 1114112K
  class space    used 3320K, committed 3648K, reserved 1048576K
}
Event: 49.687 GC heap before
{Heap before GC invocations=11 (full 1):
 PSYoungGen      total 26112K, used 24286K [0x00000000eab00000, 0x00000000ec880000, 0x0000000100000000)
  eden space 23552K, 94% used [0x00000000eab00000,0x00000000ec0b5af8,0x00000000ec200000)
  from space 2560K, 80% used [0x00000000ec400000,0x00000000ec601ef8,0x00000000ec680000)
  to   space 2048K, 0% used [0x00000000ec680000,0x00000000ec680000,0x00000000ec880000)
 ParOldGen       total 68608K, used 12560K [0x00000000c0000000, 0x00000000c4300000, 0x00000000eab00000)
  object space 68608K, 18% used [0x00000000c0000000,0x00000000c0c44078,0x00000000c4300000)
 Metaspace       used 35094K, committed 35840K, reserved 1114112K
  class space    used 3492K, committed 3840K, reserved 1048576K
}
Event: 49.692 GC heap after
{Heap after GC invocations=11 (full 1):
 PSYoungGen      total 25600K, used 1585K [0x00000000eab00000, 0x00000000ec880000, 0x0000000100000000)
  eden space 23552K, 0% used [0x00000000eab00000,0x00000000eab00000,0x00000000ec200000)
  from space 2048K, 77% used [0x00000000ec680000,0x00000000ec80c658,0x00000000ec880000)
  to   space 2048K, 0% used [0x00000000ec480000,0x00000000ec480000,0x00000000ec680000)
 ParOldGen       total 68608K, used 14737K [0x00000000c0000000, 0x00000000c4300000, 0x00000000eab00000)
  object space 68608K, 21% used [0x00000000c0000000,0x00000000c0e64690,0x00000000c4300000)
 Metaspace       used 35094K, committed 35840K, reserved 1114112K
  class space    used 3492K, committed 3840K, reserved 1048576K
}
Event: 49.692 GC heap before
{Heap before GC invocations=12 (full 2):
 PSYoungGen      total 25600K, used 1585K [0x00000000eab00000, 0x00000000ec880000, 0x0000000100000000)
  eden space 23552K, 0% used [0x00000000eab00000,0x00000000eab00000,0x00000000ec200000)
  from space 2048K, 77% used [0x00000000ec680000,0x00000000ec80c658,0x00000000ec880000)
  to   space 2048K, 0% used [0x00000000ec480000,0x00000000ec480000,0x00000000ec680000)
 ParOldGen       total 68608K, used 14737K [0x00000000c0000000, 0x00000000c4300000, 0x00000000eab00000)
  object space 68608K, 21% used [0x00000000c0000000,0x00000000c0e64690,0x00000000c4300000)
 Metaspace       used 35094K, committed 35840K, reserved 1114112K
  class space    used 3492K, committed 3840K, reserved 1048576K
}
Event: 49.742 GC heap after
{Heap after GC invocations=12 (full 2):
 PSYoungGen      total 25600K, used 0K [0x00000000eab00000, 0x00000000ec880000, 0x0000000100000000)
  eden space 23552K, 0% used [0x00000000eab00000,0x00000000eab00000,0x00000000ec200000)
  from space 2048K, 0% used [0x00000000ec680000,0x00000000ec680000,0x00000000ec880000)
  to   space 2048K, 0% used [0x00000000ec480000,0x00000000ec480000,0x00000000ec680000)
 ParOldGen       total 68608K, used 14693K [0x00000000c0000000, 0x00000000c4300000, 0x00000000eab00000)
  object space 68608K, 21% used [0x00000000c0000000,0x00000000c0e59690,0x00000000c4300000)
 Metaspace       used 35059K, committed 35840K, reserved 1114112K
  class space    used 3482K, committed 3840K, reserved 1048576K
}
Event: 50.388 GC heap before
{Heap before GC invocations=13 (full 2):
 PSYoungGen      total 25600K, used 23552K [0x00000000eab00000, 0x00000000ec880000, 0x0000000100000000)
  eden space 23552K, 100% used [0x00000000eab00000,0x00000000ec200000,0x00000000ec200000)
  from space 2048K, 0% used [0x00000000ec680000,0x00000000ec680000,0x00000000ec880000)
  to   space 2048K, 0% used [0x00000000ec480000,0x00000000ec480000,0x00000000ec680000)
 ParOldGen       total 68608K, used 14693K [0x00000000c0000000, 0x00000000c4300000, 0x00000000eab00000)
  object space 68608K, 21% used [0x00000000c0000000,0x00000000c0e59690,0x00000000c4300000)
 Metaspace       used 37233K, committed 38080K, reserved 1114112K
  class space    used 3754K, committed 4160K, reserved 1048576K
}
Event: 50.390 GC heap after
{Heap after GC invocations=13 (full 2):
 PSYoungGen      total 24576K, used 1149K [0x00000000eab00000, 0x00000000ec700000, 0x0000000100000000)
  eden space 23040K, 0% used [0x00000000eab00000,0x00000000eab00000,0x00000000ec180000)
  from space 1536K, 74% used [0x00000000ec480000,0x00000000ec59f598,0x00000000ec600000)
  to   space 1024K, 0% used [0x00000000ec600000,0x00000000ec600000,0x00000000ec700000)
 ParOldGen       total 68608K, used 14701K [0x00000000c0000000, 0x00000000c4300000, 0x00000000eab00000)
  object space 68608K, 21% used [0x00000000c0000000,0x00000000c0e5b690,0x00000000c4300000)
 Metaspace       used 37233K, committed 38080K, reserved 1114112K
  class space    used 3754K, committed 4160K, reserved 1048576K
}
Event: 50.992 GC heap before
{Heap before GC invocations=14 (full 2):
 PSYoungGen      total 24576K, used 24189K [0x00000000eab00000, 0x00000000ec700000, 0x0000000100000000)
  eden space 23040K, 100% used [0x00000000eab00000,0x00000000ec180000,0x00000000ec180000)
  from space 1536K, 74% used [0x00000000ec480000,0x00000000ec59f598,0x00000000ec600000)
  to   space 1024K, 0% used [0x00000000ec600000,0x00000000ec600000,0x00000000ec700000)
 ParOldGen       total 68608K, used 14701K [0x00000000c0000000, 0x00000000c4300000, 0x00000000eab00000)
  object space 68608K, 21% used [0x00000000c0000000,0x00000000c0e5b690,0x00000000c4300000)
 Metaspace       used 39797K, committed 40576K, reserved 1114112K
  class space    used 4049K, committed 4416K, reserved 1048576K
}
Event: 50.994 GC heap after
{Heap after GC invocations=14 (full 2):
 PSYoungGen      total 23552K, used 1011K [0x00000000eab00000, 0x00000000ec700000, 0x0000000100000000)
  eden space 22528K, 0% used [0x00000000eab00000,0x00000000eab00000,0x00000000ec100000)
  from space 1024K, 98% used [0x00000000ec600000,0x00000000ec6fcef0,0x00000000ec700000)
  to   space 2048K, 0% used [0x00000000ec300000,0x00000000ec300000,0x00000000ec500000)
 ParOldGen       total 68608K, used 15512K [0x00000000c0000000, 0x00000000c4300000, 0x00000000eab00000)
  object space 68608K, 22% used [0x00000000c0000000,0x00000000c0f26268,0x00000000c4300000)
 Metaspace       used 39797K, committed 40576K, reserved 1114112K
  class space    used 4049K, committed 4416K, reserved 1048576K
}
Event: 51.580 GC heap before
{Heap before GC invocations=15 (full 2):
 PSYoungGen      total 23552K, used 23539K [0x00000000eab00000, 0x00000000ec700000, 0x0000000100000000)
  eden space 22528K, 99% used [0x00000000eab00000,0x00000000ec0ffdc8,0x00000000ec100000)
  from space 1024K, 98% used [0x00000000ec600000,0x00000000ec6fcef0,0x00000000ec700000)
  to   space 2048K, 0% used [0x00000000ec300000,0x00000000ec300000,0x00000000ec500000)
 ParOldGen       total 68608K, used 15512K [0x00000000c0000000, 0x00000000c4300000, 0x00000000eab00000)
  object space 68608K, 22% used [0x00000000c0000000,0x00000000c0f26268,0x00000000c4300000)
 Metaspace       used 42394K, committed 43264K, reserved 1114112K
  class space    used 4359K, committed 4736K, reserved 1048576K
}
Event: 51.583 GC heap after
{Heap after GC invocations=15 (full 2):
 PSYoungGen      total 24064K, used 1016K [0x00000000eab00000, 0x00000000ec680000, 0x0000000100000000)
  eden space 22016K, 0% used [0x00000000eab00000,0x00000000eab00000,0x00000000ec080000)
  from space 2048K, 49% used [0x00000000ec300000,0x00000000ec3fe0b0,0x00000000ec500000)
  to   space 1536K, 0% used [0x00000000ec500000,0x00000000ec500000,0x00000000ec680000)
 ParOldGen       total 68608K, used 16425K [0x00000000c0000000, 0x00000000c4300000, 0x00000000eab00000)
  object space 68608K, 23% used [0x00000000c0000000,0x00000000c100a618,0x00000000c4300000)
 Metaspace       used 42394K, committed 43264K, reserved 1114112K
  class space    used 4359K, committed 4736K, reserved 1048576K
}
Event: 52.085 GC heap before
{Heap before GC invocations=16 (full 2):
 PSYoungGen      total 24064K, used 23032K [0x00000000eab00000, 0x00000000ec680000, 0x0000000100000000)
  eden space 22016K, 100% used [0x00000000eab00000,0x00000000ec080000,0x00000000ec080000)
  from space 2048K, 49% used [0x00000000ec300000,0x00000000ec3fe0b0,0x00000000ec500000)
  to   space 1536K, 0% used [0x00000000ec500000,0x00000000ec500000,0x00000000ec680000)
 ParOldGen       total 68608K, used 16425K [0x00000000c0000000, 0x00000000c4300000, 0x00000000eab00000)
  object space 68608K, 23% used [0x00000000c0000000,0x00000000c100a618,0x00000000c4300000)
 Metaspace       used 44806K, committed 45696K, reserved 1114112K
  class space    used 4699K, committed 5120K, reserved 1048576K
}
Event: 52.088 GC heap after
{Heap after GC invocations=16 (full 2):
 PSYoungGen      total 23040K, used 928K [0x00000000eab00000, 0x00000000ec600000, 0x0000000100000000)
  eden space 22016K, 0% used [0x00000000eab00000,0x00000000eab00000,0x00000000ec080000)
  from space 1024K, 90% used [0x00000000ec500000,0x00000000ec5e8000,0x00000000ec600000)
  to   space 1024K, 0% used [0x00000000ec400000,0x00000000ec400000,0x00000000ec500000)
 ParOldGen       total 68608K, used 17198K [0x00000000c0000000, 0x00000000c4300000, 0x00000000eab00000)
  object space 68608K, 25% used [0x00000000c0000000,0x00000000c10cb8f8,0x00000000c4300000)
 Metaspace       used 44806K, committed 45696K, reserved 1114112K
  class space    used 4699K, committed 5120K, reserved 1048576K
}
Event: 52.503 GC heap before
{Heap before GC invocations=17 (full 2):
 PSYoungGen      total 23040K, used 22944K [0x00000000eab00000, 0x00000000ec600000, 0x0000000100000000)
  eden space 22016K, 100% used [0x00000000eab00000,0x00000000ec080000,0x00000000ec080000)
  from space 1024K, 90% used [0x00000000ec500000,0x00000000ec5e8000,0x00000000ec600000)
  to   space 1024K, 0% used [0x00000000ec400000,0x00000000ec400000,0x00000000ec500000)
 ParOldGen       total 68608K, used 17198K [0x00000000c0000000, 0x00000000c4300000, 0x00000000eab00000)
  object space 68608K, 25% used [0x00000000c0000000,0x00000000c10cb8f8,0x00000000c4300000)
 Metaspace       used 47235K, committed 48128K, reserved 1114112K
  class space    used 5005K, committed 5376K, reserved 1048576K
}
Event: 52.505 GC heap after
{Heap after GC invocations=17 (full 2):
 PSYoungGen      total 23040K, used 1024K [0x00000000eab00000, 0x00000000ec580000, 0x0000000100000000)
  eden space 22016K, 0% used [0x00000000eab00000,0x00000000eab00000,0x00000000ec080000)
  from space 1024K, 100% used [0x00000000ec400000,0x00000000ec500000,0x00000000ec500000)
  to   space 512K, 0% used [0x00000000ec500000,0x00000000ec500000,0x00000000ec580000)
 ParOldGen       total 68608K, used 18061K [0x00000000c0000000, 0x00000000c4300000, 0x00000000eab00000)
  object space 68608K, 26% used [0x00000000c0000000,0x00000000c11a3480,0x00000000c4300000)
 Metaspace       used 47235K, committed 48128K, reserved 1114112K
  class space    used 5005K, committed 5376K, reserved 1048576K
}
Event: 54.110 GC heap before
{Heap before GC invocations=18 (full 2):
 PSYoungGen      total 23040K, used 23034K [0x00000000eab00000, 0x00000000ec580000, 0x0000000100000000)
  eden space 22016K, 99% used [0x00000000eab00000,0x00000000ec07eaa0,0x00000000ec080000)
  from space 1024K, 100% used [0x00000000ec400000,0x00000000ec500000,0x00000000ec500000)
  to   space 512K, 0% used [0x00000000ec500000,0x00000000ec500000,0x00000000ec580000)
 ParOldGen       total 68608K, used 18061K [0x00000000c0000000, 0x00000000c4300000, 0x00000000eab00000)
  object space 68608K, 26% used [0x00000000c0000000,0x00000000c11a3480,0x00000000c4300000)
 Metaspace       used 49750K, committed 50688K, reserved 1114112K
  class space    used 5345K, committed 5696K, reserved 1048576K
}
Event: 54.113 GC heap after
{Heap after GC invocations=18 (full 2):
 PSYoungGen      total 22528K, used 505K [0x00000000eab00000, 0x00000000ec680000, 0x0000000100000000)
  eden space 22016K, 0% used [0x00000000eab00000,0x00000000eab00000,0x00000000ec080000)
  from space 512K, 98% used [0x00000000ec500000,0x00000000ec57e580,0x00000000ec580000)
  to   space 3072K, 0% used [0x00000000ec080000,0x00000000ec080000,0x00000000ec380000)
 ParOldGen       total 68608K, used 20118K [0x00000000c0000000, 0x00000000c4300000, 0x00000000eab00000)
  object space 68608K, 29% used [0x00000000c0000000,0x00000000c13a5a70,0x00000000c4300000)
 Metaspace       used 49750K, committed 50688K, reserved 1114112K
  class space    used 5345K, committed 5696K, reserved 1048576K
}

Dll operation events (10 events):
Event: 0.036 Loaded shared library c:\Users\HP\.vscode\extensions\redhat.java-1.33.0-win32-x64\jre\17.0.11-win32-x86_64\bin\java.dll
Event: 0.463 Loaded shared library c:\Users\HP\.vscode\extensions\redhat.java-1.33.0-win32-x64\jre\17.0.11-win32-x86_64\bin\zip.dll
Event: 0.479 Loaded shared library C:\Users\HP\.vscode\extensions\redhat.java-1.33.0-win32-x64\jre\17.0.11-win32-x86_64\bin\instrument.dll
Event: 0.528 Loaded shared library C:\Users\HP\.vscode\extensions\redhat.java-1.33.0-win32-x64\jre\17.0.11-win32-x86_64\bin\net.dll
Event: 0.532 Loaded shared library C:\Users\HP\.vscode\extensions\redhat.java-1.33.0-win32-x64\jre\17.0.11-win32-x86_64\bin\nio.dll
Event: 0.563 Loaded shared library C:\Users\HP\.vscode\extensions\redhat.java-1.33.0-win32-x64\jre\17.0.11-win32-x86_64\bin\zip.dll
Event: 0.605 Loaded shared library C:\Users\HP\.vscode\extensions\redhat.java-1.33.0-win32-x64\jre\17.0.11-win32-x86_64\bin\jimage.dll
Event: 0.830 Loaded shared library c:\Users\HP\.vscode\extensions\redhat.java-1.33.0-win32-x64\jre\17.0.11-win32-x86_64\bin\verify.dll
Event: 21.388 Loaded shared library C:\Users\HP\AppData\Roaming\Code\User\globalStorage\redhat.java\1.33.0\config_win\org.eclipse.equinox.launcher\org.eclipse.equinox.launcher.win32.win32.x86_64_1.2.1100.v20240722-2106\eclipse_11904.dll
Event: 46.180 Loaded shared library C:\Users\HP\AppData\Local\Temp\jna-2312\jna15777763033021095224.dll

Deoptimization events (20 events):
Event: 53.961 Thread 0x0000023e85300570 Uncommon trap: trap_request=0xffffffde fr.pc=0x0000023ef4d81578 relative=0x0000000000000dd8
Event: 53.961 Thread 0x0000023e85300570 Uncommon trap: reason=class_check action=maybe_recompile pc=0x0000023ef4d81578 method=java.util.concurrent.ConcurrentHashMap.putVal(Ljava/lang/Object;Ljava/lang/Object;Z)Ljava/lang/Object; @ 242 c2
Event: 53.962 Thread 0x0000023e85300570 DEOPT PACKING pc=0x0000023ef4d81578 sp=0x000000c14a8fe300
Event: 53.962 Thread 0x0000023e85300570 DEOPT UNPACKING pc=0x0000023ef46d66a3 sp=0x000000c14a8fe270 mode 2
Event: 53.964 Thread 0x0000023e85300570 Uncommon trap: trap_request=0xffffffde fr.pc=0x0000023ef4d81578 relative=0x0000000000000dd8
Event: 53.964 Thread 0x0000023e85300570 Uncommon trap: reason=class_check action=maybe_recompile pc=0x0000023ef4d81578 method=java.util.concurrent.ConcurrentHashMap.putVal(Ljava/lang/Object;Ljava/lang/Object;Z)Ljava/lang/Object; @ 242 c2
Event: 53.964 Thread 0x0000023e85300570 DEOPT PACKING pc=0x0000023ef4d81578 sp=0x000000c14a8fdfc0
Event: 53.964 Thread 0x0000023e85300570 DEOPT UNPACKING pc=0x0000023ef46d66a3 sp=0x000000c14a8fdf30 mode 2
Event: 54.015 Thread 0x0000023e85300a80 DEOPT PACKING pc=0x0000023eed5aec88 sp=0x000000c14a9fe9d0
Event: 54.015 Thread 0x0000023e85300a80 DEOPT UNPACKING pc=0x0000023ef46d6e43 sp=0x000000c14a9fded8 mode 0
Event: 54.018 Thread 0x0000023e85300570 Uncommon trap: trap_request=0xffffffde fr.pc=0x0000023ef4d81578 relative=0x0000000000000dd8
Event: 54.018 Thread 0x0000023e85300570 Uncommon trap: reason=class_check action=maybe_recompile pc=0x0000023ef4d81578 method=java.util.concurrent.ConcurrentHashMap.putVal(Ljava/lang/Object;Ljava/lang/Object;Z)Ljava/lang/Object; @ 242 c2
Event: 54.018 Thread 0x0000023e85300570 DEOPT PACKING pc=0x0000023ef4d81578 sp=0x000000c14a8ff0c0
Event: 54.018 Thread 0x0000023e85300570 DEOPT UNPACKING pc=0x0000023ef46d66a3 sp=0x000000c14a8ff030 mode 2
Event: 54.210 Thread 0x0000023e85300570 Uncommon trap: trap_request=0xffffff45 fr.pc=0x0000023ef4d863b8 relative=0x0000000000000538
Event: 54.210 Thread 0x0000023e85300570 Uncommon trap: reason=unstable_if action=reinterpret pc=0x0000023ef4d863b8 method=java.util.Properties$LineReader.readLine()I @ 318 c2
Event: 54.210 Thread 0x0000023e85300570 DEOPT PACKING pc=0x0000023ef4d863b8 sp=0x000000c14a8feaf0
Event: 54.210 Thread 0x0000023e85300570 DEOPT UNPACKING pc=0x0000023ef46d66a3 sp=0x000000c14a8fea80 mode 2
Event: 54.228 Thread 0x0000023e85300570 DEOPT PACKING pc=0x0000023eedb9fcbf sp=0x000000c14a8f86f0
Event: 54.228 Thread 0x0000023e85300570 DEOPT UNPACKING pc=0x0000023ef46d6e43 sp=0x000000c14a8f7bf8 mode 0

Classes unloaded (19 events):
Event: 49.699 Thread 0x0000023eff3e4870 Unloading class 0x0000000100363000 'java/lang/invoke/LambdaForm$MH+0x0000000100363000'
Event: 49.700 Thread 0x0000023eff3e4870 Unloading class 0x0000000100362800 'java/lang/invoke/LambdaForm$MH+0x0000000100362800'
Event: 49.700 Thread 0x0000023eff3e4870 Unloading class 0x0000000100362000 'java/lang/invoke/LambdaForm$MH+0x0000000100362000'
Event: 49.700 Thread 0x0000023eff3e4870 Unloading class 0x0000000100361800 'java/lang/invoke/LambdaForm$MH+0x0000000100361800'
Event: 49.700 Thread 0x0000023eff3e4870 Unloading class 0x0000000100361400 'java/lang/invoke/LambdaForm$DMH+0x0000000100361400'
Event: 49.700 Thread 0x0000023eff3e4870 Unloading class 0x0000000100360800 'java/lang/invoke/LambdaForm$MH+0x0000000100360800'
Event: 49.700 Thread 0x0000023eff3e4870 Unloading class 0x000000010035bc00 'java/lang/invoke/LambdaForm$MH+0x000000010035bc00'
Event: 49.700 Thread 0x0000023eff3e4870 Unloading class 0x000000010035b400 'java/lang/invoke/LambdaForm$MH+0x000000010035b400'
Event: 49.700 Thread 0x0000023eff3e4870 Unloading class 0x000000010035b000 'java/lang/invoke/LambdaForm$MH+0x000000010035b000'
Event: 49.700 Thread 0x0000023eff3e4870 Unloading class 0x000000010035a800 'java/lang/invoke/LambdaForm$MH+0x000000010035a800'
Event: 49.700 Thread 0x0000023eff3e4870 Unloading class 0x000000010035a000 'java/lang/invoke/LambdaForm$MH+0x000000010035a000'
Event: 49.700 Thread 0x0000023eff3e4870 Unloading class 0x0000000100359400 'java/lang/invoke/LambdaForm$MH+0x0000000100359400'
Event: 49.700 Thread 0x0000023eff3e4870 Unloading class 0x0000000100250400 'java/lang/invoke/LambdaForm$MH+0x0000000100250400'
Event: 49.700 Thread 0x0000023eff3e4870 Unloading class 0x0000000100250000 'java/lang/invoke/LambdaForm$MH+0x0000000100250000'
Event: 49.700 Thread 0x0000023eff3e4870 Unloading class 0x000000010024bc00 'java/lang/invoke/LambdaForm$MH+0x000000010024bc00'
Event: 49.700 Thread 0x0000023eff3e4870 Unloading class 0x000000010024b800 'java/lang/invoke/LambdaForm$MH+0x000000010024b800'
Event: 49.700 Thread 0x0000023eff3e4870 Unloading class 0x000000010024b400 'java/lang/invoke/LambdaForm$BMH+0x000000010024b400'
Event: 49.700 Thread 0x0000023eff3e4870 Unloading class 0x000000010024b000 'java/lang/invoke/LambdaForm$DMH+0x000000010024b000'
Event: 49.700 Thread 0x0000023eff3e4870 Unloading class 0x0000000100248400 'java/lang/invoke/LambdaForm$DMH+0x0000000100248400'

Classes redefined (0 events):
No events

Internal exceptions (20 events):
Event: 50.276 Thread 0x0000023e84c073e0 Exception <a 'java/lang/ClassNotFoundException'{0x00000000ebcac318}: com/sun/org/apache/xerces/internal/impl/msg/spi/XMLSerializerMessagesProvider> (0x00000000ebcac318) 
thrown [s\src\hotspot\share\classfile\systemDictionary.cpp, line 256]
Event: 50.278 Thread 0x0000023e84c073e0 Exception <a 'java/lang/ClassNotFoundException'{0x00000000ebde8810}: com/sun/org/apache/xerces/internal/impl/msg/spi/XMLMessagesProvider> (0x00000000ebde8810) 
thrown [s\src\hotspot\share\classfile\systemDictionary.cpp, line 256]
Event: 50.669 Thread 0x0000023e84c073e0 Exception <a 'java/lang/ClassNotFoundException'{0x00000000eb6e4fa8}: com/sun/org/apache/xml/internal/serializer/spi/XMLEntitiesProvider> (0x00000000eb6e4fa8) 
thrown [s\src\hotspot\share\classfile\systemDictionary.cpp, line 256]
Event: 51.208 Thread 0x0000023e84c073e0 Exception <a 'java/io/FileNotFoundException'{0x00000000eafe9cf8}> (0x00000000eafe9cf8) 
thrown [s\src\hotspot\share\prims\jni.cpp, line 516]
Event: 51.258 Thread 0x0000023e84c073e0 Exception <a 'java/lang/UnsatisfiedLinkError'{0x00000000eb255eb8}: La procédure spécifiée est introuvable.
> (0x00000000eb255eb8) 
thrown [s\src\hotspot\share\prims\jni.cpp, line 535]
Event: 51.269 Thread 0x0000023e84c073e0 Exception <a 'java/io/FileNotFoundException'{0x00000000eb26df10}> (0x00000000eb26df10) 
thrown [s\src\hotspot\share\prims\jni.cpp, line 516]
Event: 51.290 Thread 0x0000023e84c073e0 Exception <a 'java/io/FileNotFoundException'{0x00000000eb35a2a0}> (0x00000000eb35a2a0) 
thrown [s\src\hotspot\share\prims\jni.cpp, line 516]
Event: 51.301 Thread 0x0000023e84c073e0 Exception <a 'java/lang/UnsatisfiedLinkError'{0x00000000eb3baec0}: La procédure spécifiée est introuvable.
> (0x00000000eb3baec0) 
thrown [s\src\hotspot\share\prims\jni.cpp, line 535]
Event: 51.572 Thread 0x0000023eea4c8aa0 Exception <a 'java/lang/NoSuchMethodError'{0x00000000ec07d198}: 'java.lang.Object java.lang.invoke.DirectMethodHandle$Holder.invokeStatic(java.lang.Object, java.lang.Object, long, java.lang.Object)'> (0x00000000ec07d198) 
thrown [s\src\hotspot\share\interpreter\linkResolver.cpp, line 759]
Event: 51.573 Thread 0x0000023eea4c8aa0 Exception <a 'java/lang/NoSuchMethodError'{0x00000000ec0b1680}: 'java.lang.Object java.lang.invoke.DirectMethodHandle$Holder.invokeStaticInit(java.lang.Object, java.lang.Object, long, java.lang.Object)'> (0x00000000ec0b1680) 
thrown [s\src\hotspot\share\interpreter\linkResolver.cpp, line 759]
Event: 51.575 Thread 0x0000023eea4c8aa0 Exception <a 'java/lang/NoSuchMethodError'{0x00000000ec0b8438}: 'java.lang.Object java.lang.invoke.DirectMethodHandle$Holder.newInvokeSpecial(java.lang.Object, java.lang.Object, long)'> (0x00000000ec0b8438) 
thrown [s\src\hotspot\share\interpreter\linkResolver.cpp, line 759]
Event: 52.172 Thread 0x0000023eea4c8aa0 Exception <a 'java/lang/NoSuchMethodError'{0x00000000eafbcb00}: 'void java.lang.invoke.DirectMethodHandle$Holder.invokeSpecial(java.lang.Object, java.lang.Object, java.lang.Object, java.lang.Object, java.lang.Object, java.lang.Object)'> (0x00000000eafbcb00) 
thrown [s\src\hotspot\share\interpreter\linkResolver.cpp, line 759]
Event: 52.176 Thread 0x0000023eea4c8aa0 Exception <a 'java/lang/IncompatibleClassChangeError'{0x00000000eafc6540}: Found class java.lang.Object, but interface was expected> (0x00000000eafc6540) 
thrown [s\src\hotspot\share\interpreter\linkResolver.cpp, line 826]
Event: 52.337 Thread 0x0000023e85300570 Exception <a 'java/lang/NoSuchMethodError'{0x00000000eba1d920}: 'void java.lang.invoke.DirectMethodHandle$Holder.invokeStaticInit(java.lang.Object, java.lang.Object, java.lang.Object)'> (0x00000000eba1d920) 
thrown [s\src\hotspot\share\interpreter\linkResolver.cpp, line 759]
Event: 52.345 Thread 0x0000023e85300570 Exception <a 'java/lang/ExceptionInInitializerError'{0x00000000eba826b0}> (0x00000000eba826b0) 
thrown [s\src\hotspot\share\oops\instanceKlass.cpp, line 1218]
Event: 52.418 Thread 0x0000023e85300570 Implicit null exception at 0x0000023ef4d37f2f to 0x0000023ef4d380bc
Event: 52.418 Thread 0x0000023e85300570 Implicit null exception at 0x0000023ef4ca5489 to 0x0000023ef4ca683c
Event: 52.424 Thread 0x0000023e85300570 Exception <a 'java/lang/NoSuchMethodError'{0x00000000ebde1c88}: 'java.lang.Object java.lang.invoke.Invokers$Holder.invokeExact_MT(java.lang.Object, int, java.lang.Object)'> (0x00000000ebde1c88) 
thrown [s\src\hotspot\share\interpreter\linkResolver.cpp, line 759]
Event: 53.530 Thread 0x0000023e85300570 Exception <a 'java/lang/NoClassDefFoundError'{0x00000000eb59b2d0}: com/google/inject/servlet/ServletModuleTargetVisitor> (0x00000000eb59b2d0) 
thrown [s\src\hotspot\share\classfile\systemDictionary.cpp, line 245]
Event: 54.251 Thread 0x0000023e8854cfb0 Exception <a 'java/io/FileNotFoundException'{0x00000000eb029ee8}> (0x00000000eb029ee8) 
thrown [s\src\hotspot\share\prims\jni.cpp, line 516]

VM Operations (20 events):
Event: 51.580 Executing VM operation: ParallelGCFailedAllocation
Event: 51.584 Executing VM operation: ParallelGCFailedAllocation done
Event: 51.715 Executing VM operation: HandshakeAllThreads
Event: 51.715 Executing VM operation: HandshakeAllThreads done
Event: 52.085 Executing VM operation: ParallelGCFailedAllocation
Event: 52.089 Executing VM operation: ParallelGCFailedAllocation done
Event: 52.502 Executing VM operation: ParallelGCFailedAllocation
Event: 52.506 Executing VM operation: ParallelGCFailedAllocation done
Event: 52.539 Executing VM operation: HandshakeAllThreads
Event: 52.539 Executing VM operation: HandshakeAllThreads done
Event: 53.539 Executing VM operation: Cleanup
Event: 53.539 Executing VM operation: Cleanup done
Event: 53.796 Executing VM operation: HandshakeAllThreads
Event: 53.796 Executing VM operation: HandshakeAllThreads done
Event: 53.798 Executing VM operation: HandshakeAllThreads
Event: 53.798 Executing VM operation: HandshakeAllThreads done
Event: 54.110 Executing VM operation: ParallelGCFailedAllocation
Event: 54.113 Executing VM operation: ParallelGCFailedAllocation done
Event: 54.210 Executing VM operation: HandshakeAllThreads
Event: 54.210 Executing VM operation: HandshakeAllThreads done

Events (20 events):
Event: 53.987 loading class java/util/regex/Pattern$Pos
Event: 53.988 loading class java/util/regex/Pattern$Pos done
Event: 54.033 loading class sun/security/provider/MD5
Event: 54.033 loading class sun/security/provider/MD5 done
Event: 54.034 loading class sun/security/provider/ByteArrayAccess$LE
Event: 54.034 loading class sun/security/provider/ByteArrayAccess$LE done
Event: 54.043 loading class java/util/stream/MatchOps$MatchKind
Event: 54.043 loading class java/util/stream/MatchOps$MatchKind done
Event: 54.044 loading class java/util/stream/MatchOps
Event: 54.044 loading class java/util/stream/MatchOps done
Event: 54.044 loading class java/util/stream/MatchOps$MatchOp
Event: 54.044 loading class java/util/stream/MatchOps$MatchOp done
Event: 54.044 loading class java/util/stream/MatchOps$BooleanTerminalSink
Event: 54.045 loading class java/util/stream/MatchOps$BooleanTerminalSink done
Event: 54.045 loading class java/util/stream/MatchOps$1MatchSink
Event: 54.045 loading class java/util/stream/MatchOps$1MatchSink done
Event: 54.168 loading class java/nio/channels/spi/AbstractInterruptibleChannel$1
Event: 54.170 loading class sun/nio/ch/Interruptible
Event: 54.170 loading class sun/nio/ch/Interruptible done
Event: 54.170 loading class java/nio/channels/spi/AbstractInterruptibleChannel$1 done


Dynamic libraries:
0x00007ff6ff5c0000 - 0x00007ff6ff5ce000 	c:\Users\HP\.vscode\extensions\redhat.java-1.33.0-win32-x64\jre\17.0.11-win32-x86_64\bin\java.exe
0x00007ffb52c30000 - 0x00007ffb52e47000 	C:\WINDOWS\SYSTEM32\ntdll.dll
0x00007ffb51f70000 - 0x00007ffb52034000 	C:\WINDOWS\System32\KERNEL32.DLL
0x00007ffb50070000 - 0x00007ffb5041d000 	C:\WINDOWS\System32\KERNELBASE.dll
0x00007ffb50420000 - 0x00007ffb50531000 	C:\WINDOWS\System32\ucrtbase.dll
0x00007ffb1d870000 - 0x00007ffb1d887000 	c:\Users\HP\.vscode\extensions\redhat.java-1.33.0-win32-x64\jre\17.0.11-win32-x86_64\bin\jli.dll
0x00007ffb51ba0000 - 0x00007ffb51d4e000 	C:\WINDOWS\System32\USER32.dll
0x00007ffb507e0000 - 0x00007ffb50806000 	C:\WINDOWS\System32\win32u.dll
0x00007ffb52650000 - 0x00007ffb52679000 	C:\WINDOWS\System32\GDI32.dll
0x00007ffb50840000 - 0x00007ffb50959000 	C:\WINDOWS\System32\gdi32full.dll
0x00007ffb4ff50000 - 0x00007ffb4ffea000 	C:\WINDOWS\System32\msvcp_win.dll
0x00007ffb1b650000 - 0x00007ffb1b66b000 	c:\Users\HP\.vscode\extensions\redhat.java-1.33.0-win32-x64\jre\17.0.11-win32-x86_64\bin\VCRUNTIME140.dll
0x00007ffb2d960000 - 0x00007ffb2dbf3000 	C:\WINDOWS\WinSxS\amd64_microsoft.windows.common-controls_6595b64144ccf1df_6.0.22621.3672_none_2713b9d173822955\COMCTL32.dll
0x00007ffb512b0000 - 0x00007ffb51357000 	C:\WINDOWS\System32\msvcrt.dll
0x00007ffb52680000 - 0x00007ffb526b1000 	C:\WINDOWS\System32\IMM32.DLL
0x00007ffb35a10000 - 0x00007ffb35a1c000 	c:\Users\HP\.vscode\extensions\redhat.java-1.33.0-win32-x64\jre\17.0.11-win32-x86_64\bin\vcruntime140_1.dll
0x00007ffb0eb40000 - 0x00007ffb0ebcd000 	c:\Users\HP\.vscode\extensions\redhat.java-1.33.0-win32-x64\jre\17.0.11-win32-x86_64\bin\msvcp140.dll
0x00007ffb03840000 - 0x00007ffb044a2000 	c:\Users\HP\.vscode\extensions\redhat.java-1.33.0-win32-x64\jre\17.0.11-win32-x86_64\bin\server\jvm.dll
0x00007ffb52040000 - 0x00007ffb520f2000 	C:\WINDOWS\System32\ADVAPI32.dll
0x00007ffb51af0000 - 0x00007ffb51b99000 	C:\WINDOWS\System32\sechost.dll
0x00007ffb50810000 - 0x00007ffb50838000 	C:\WINDOWS\System32\bcrypt.dll
0x00007ffb51d70000 - 0x00007ffb51e84000 	C:\WINDOWS\System32\RPCRT4.dll
0x00007ffb4fd60000 - 0x00007ffb4fdad000 	C:\WINDOWS\SYSTEM32\POWRPROF.dll
0x00007ffb30ee0000 - 0x00007ffb30ee9000 	C:\WINDOWS\SYSTEM32\WSOCK32.dll
0x00007ffb52b70000 - 0x00007ffb52be1000 	C:\WINDOWS\System32\WS2_32.dll
0x00007ffb46890000 - 0x00007ffb468c4000 	C:\WINDOWS\SYSTEM32\WINMM.dll
0x00007ffb41690000 - 0x00007ffb4169a000 	C:\WINDOWS\SYSTEM32\VERSION.dll
0x00007ffb4fc40000 - 0x00007ffb4fc53000 	C:\WINDOWS\SYSTEM32\UMPDC.dll
0x00007ffb4ef40000 - 0x00007ffb4ef58000 	C:\WINDOWS\SYSTEM32\kernel.appcore.dll
0x00007ffb35330000 - 0x00007ffb3533a000 	c:\Users\HP\.vscode\extensions\redhat.java-1.33.0-win32-x64\jre\17.0.11-win32-x86_64\bin\jimage.dll
0x00007ffb4d950000 - 0x00007ffb4db82000 	C:\WINDOWS\SYSTEM32\DBGHELP.DLL
0x00007ffb516e0000 - 0x00007ffb51a6d000 	C:\WINDOWS\System32\combase.dll
0x00007ffb51e90000 - 0x00007ffb51f67000 	C:\WINDOWS\System32\OLEAUT32.dll
0x00007ffb41710000 - 0x00007ffb41742000 	C:\WINDOWS\SYSTEM32\dbgcore.DLL
0x00007ffb4fff0000 - 0x00007ffb5006b000 	C:\WINDOWS\System32\bcryptPrimitives.dll
0x00007ffb32110000 - 0x00007ffb3211e000 	c:\Users\HP\.vscode\extensions\redhat.java-1.33.0-win32-x64\jre\17.0.11-win32-x86_64\bin\instrument.dll
0x00007ffb1b090000 - 0x00007ffb1b0b5000 	c:\Users\HP\.vscode\extensions\redhat.java-1.33.0-win32-x64\jre\17.0.11-win32-x86_64\bin\java.dll
0x00007ffb1b630000 - 0x00007ffb1b648000 	c:\Users\HP\.vscode\extensions\redhat.java-1.33.0-win32-x64\jre\17.0.11-win32-x86_64\bin\zip.dll
0x00007ffb50960000 - 0x00007ffb511c8000 	C:\WINDOWS\System32\SHELL32.dll
0x00007ffb4de50000 - 0x00007ffb4e74e000 	C:\WINDOWS\SYSTEM32\windows.storage.dll
0x00007ffb4dd10000 - 0x00007ffb4de4f000 	C:\WINDOWS\SYSTEM32\wintypes.dll
0x00007ffb528b0000 - 0x00007ffb529a9000 	C:\WINDOWS\System32\SHCORE.dll
0x00007ffb51a80000 - 0x00007ffb51ade000 	C:\WINDOWS\System32\shlwapi.dll
0x00007ffb4fe80000 - 0x00007ffb4fea1000 	C:\WINDOWS\SYSTEM32\profapi.dll
0x00007ffb19fe0000 - 0x00007ffb19ff9000 	C:\Users\HP\.vscode\extensions\redhat.java-1.33.0-win32-x64\jre\17.0.11-win32-x86_64\bin\net.dll
0x00007ffb4a030000 - 0x00007ffb4a166000 	C:\WINDOWS\SYSTEM32\WINHTTP.dll
0x00007ffb4f3a0000 - 0x00007ffb4f409000 	C:\WINDOWS\system32\mswsock.dll
0x00007ffb19e80000 - 0x00007ffb19e96000 	C:\Users\HP\.vscode\extensions\redhat.java-1.33.0-win32-x64\jre\17.0.11-win32-x86_64\bin\nio.dll
0x00007ffb2f6b0000 - 0x00007ffb2f6c0000 	c:\Users\HP\.vscode\extensions\redhat.java-1.33.0-win32-x64\jre\17.0.11-win32-x86_64\bin\verify.dll
0x00007ffb35b60000 - 0x00007ffb35ba5000 	C:\Users\HP\AppData\Roaming\Code\User\globalStorage\redhat.java\1.33.0\config_win\org.eclipse.equinox.launcher\org.eclipse.equinox.launcher.win32.win32.x86_64_1.2.1100.v20240722-2106\eclipse_11904.dll
0x00007ffb51430000 - 0x00007ffb515d5000 	C:\WINDOWS\System32\ole32.dll
0x00007ffb4f6f0000 - 0x00007ffb4f70b000 	C:\WINDOWS\SYSTEM32\CRYPTSP.dll
0x00007ffb4eea0000 - 0x00007ffb4eed5000 	C:\WINDOWS\system32\rsaenh.dll
0x00007ffb4f440000 - 0x00007ffb4f468000 	C:\WINDOWS\SYSTEM32\USERENV.dll
0x00007ffb4f6d0000 - 0x00007ffb4f6dc000 	C:\WINDOWS\SYSTEM32\CRYPTBASE.dll
0x00007ffb4e9b0000 - 0x00007ffb4e9dd000 	C:\WINDOWS\SYSTEM32\IPHLPAPI.DLL
0x00007ffb52100000 - 0x00007ffb52109000 	C:\WINDOWS\System32\NSI.dll
0x00007ffb488b0000 - 0x00007ffb488c9000 	C:\WINDOWS\SYSTEM32\dhcpcsvc6.DLL
0x00007ffb484a0000 - 0x00007ffb484bf000 	C:\WINDOWS\SYSTEM32\dhcpcsvc.DLL
0x00007ffb4e9e0000 - 0x00007ffb4ead8000 	C:\WINDOWS\SYSTEM32\DNSAPI.dll
0x00007ffb093a0000 - 0x00007ffb093e5000 	C:\Users\HP\AppData\Local\Temp\jna-2312\jna15777763033021095224.dll
0x00007ffb51ae0000 - 0x00007ffb51ae8000 	C:\WINDOWS\System32\PSAPI.DLL

dbghelp: loaded successfully - version: 4.0.5 - missing functions: none
symbol engine: initialized successfully - sym options: 0x614 - pdb path: .;c:\Users\HP\.vscode\extensions\redhat.java-1.33.0-win32-x64\jre\17.0.11-win32-x86_64\bin;C:\WINDOWS\SYSTEM32;C:\WINDOWS\WinSxS\amd64_microsoft.windows.common-controls_6595b64144ccf1df_6.0.22621.3672_none_2713b9d173822955;c:\Users\HP\.vscode\extensions\redhat.java-1.33.0-win32-x64\jre\17.0.11-win32-x86_64\bin\server;C:\Users\HP\AppData\Roaming\Code\User\globalStorage\redhat.java\1.33.0\config_win\org.eclipse.equinox.launcher\org.eclipse.equinox.launcher.win32.win32.x86_64_1.2.1100.v20240722-2106;C:\Users\HP\AppData\Local\Temp\jna-2312

VM Arguments:
jvm_args: --add-modules=ALL-SYSTEM --add-opens=java.base/java.util=ALL-UNNAMED --add-opens=java.base/java.lang=ALL-UNNAMED --add-opens=java.base/sun.nio.fs=ALL-UNNAMED -Declipse.application=org.eclipse.jdt.ls.core.id1 -Dosgi.bundles.defaultStartLevel=4 -Declipse.product=org.eclipse.jdt.ls.core.product -Djava.import.generatesMetadataFilesAtProjectRoot=false -DDetectVMInstallationsJob.disabled=true -Dfile.encoding=utf8 -XX:+UseParallelGC -XX:GCTimeRatio=4 -XX:AdaptiveSizePolicyWeight=90 -Dsun.zip.disableMemoryMapping=true -Xmx1G -Xms100m -Xlog:disable -javaagent:c:\Users\HP\.vscode\extensions\redhat.java-1.33.0-win32-x64\lombok\lombok-1.18.33.jar -XX:+HeapDumpOnOutOfMemoryError -XX:HeapDumpPath=c:\Users\HP\AppData\Roaming\Code\User\workspaceStorage\6eb49a4891cba5a21c4f41edc10e420b\redhat.java -Daether.dependencyCollector.impl=bf 
java_command: c:\Users\HP\.vscode\extensions\redhat.java-1.33.0-win32-x64\server\plugins\org.eclipse.equinox.launcher_1.6.900.v20240613-2009.jar -configuration c:\Users\HP\AppData\Roaming\Code\User\globalStorage\redhat.java\1.33.0\config_win -data c:\Users\HP\AppData\Roaming\Code\User\workspaceStorage\6eb49a4891cba5a21c4f41edc10e420b\redhat.java\jdt_ws --pipe=\\.\pipe\lsp-cdf8b33dc77f86d96fc96bd8c5bc58b1-sock
java_class_path (initial): c:\Users\HP\.vscode\extensions\redhat.java-1.33.0-win32-x64\server\plugins\org.eclipse.equinox.launcher_1.6.900.v20240613-2009.jar
Launcher Type: SUN_STANDARD

[Global flags]
    uintx AdaptiveSizePolicyWeight                 = 90                                        {product} {command line}
     intx CICompilerCount                          = 4                                         {product} {ergonomic}
    uintx GCTimeRatio                              = 4                                         {product} {command line}
     bool HeapDumpOnOutOfMemoryError               = true                                   {manageable} {command line}
    ccstr HeapDumpPath                             = c:\Users\HP\AppData\Roaming\Code\User\workspaceStorage\6eb49a4891cba5a21c4f41edc10e420b\redhat.java         {manageable} {command line}
   size_t InitialHeapSize                          = 104857600                                 {product} {command line}
   size_t MaxHeapSize                              = 1073741824                                {product} {command line}
   size_t MaxNewSize                               = 357564416                                 {product} {ergonomic}
   size_t MinHeapDeltaBytes                        = 524288                                    {product} {ergonomic}
   size_t MinHeapSize                              = 104857600                                 {product} {command line}
   size_t NewSize                                  = 34603008                                  {product} {ergonomic}
    uintx NonNMethodCodeHeapSize                   = 5839372                                {pd product} {ergonomic}
    uintx NonProfiledCodeHeapSize                  = 122909434                              {pd product} {ergonomic}
   size_t OldSize                                  = 70254592                                  {product} {ergonomic}
    uintx ProfiledCodeHeapSize                     = 122909434                              {pd product} {ergonomic}
    uintx ReservedCodeCacheSize                    = 251658240                              {pd product} {ergonomic}
     bool SegmentedCodeCache                       = true                                      {product} {ergonomic}
   size_t SoftMaxHeapSize                          = 1073741824                             {manageable} {ergonomic}
     bool UseCompressedClassPointers               = true                           {product lp64_product} {ergonomic}
     bool UseCompressedOops                        = true                           {product lp64_product} {ergonomic}
     bool UseLargePagesIndividualAllocation        = false                                  {pd product} {ergonomic}
     bool UseParallelGC                            = true                                      {product} {command line}

Logging:
Log output configuration:
 #0: stdout all=off uptime,level,tags
 #1: stderr all=off uptime,level,tags

Environment Variables:
PATH=C:\Program Files\OpenLogic\jre-11.0.21.9-hotspot\bin;C:\Program Files\Common Files\Oracle\Java\javapath;C:\Program Files (x86)\Common Files\Oracle\Java\java8path;C:\Program Files (x86)\Common Files\Oracle\Java\javapath;C:\Python311\Scripts\;C:\Python311\;C:\WINDOWS\system32;C:\WINDOWS;C:\WINDOWS\System32\Wbem;C:\WINDOWS\System32\WindowsPowerShell\v1.0\;C:\WINDOWS\System32\OpenSSH\;C:\ProgramData\chocolatey\bin;C:\Program Files\Git\cmd;C:\Program Files (x86)\dotnet\;C:\Program Files (x86)\Common Files\DivX Shared\DesktopService;C:\Program Files\dotnet\;C:\Program Files\SafeNet\Authentication\SAC\x64;C:\Program Files\SafeNet\Authentication\SAC\x32;C:\laragon\bin\php\php-8.1.10-Win32-vs16-x64;C:\ProgramData\ComposerSetup\bin;C:\Program Files\PuTTY\;C:\Program Files\nodejs\;C:\Program Files\Amazon\AWSCLIV2\;C:\Program Files\Docker\Docker\resources\bin;C:\Program Files\Microsoft SQL Server\150\Tools\Binn\;C:\Program Files\Kubernetes\Minikube;;C:\minikube;C:\Program Files (x86)\Windows Kits\10\bin\10.0.22621.0;C:\laragon\bin\composer;C:\laragon\bin\git\bin;C:\laragon\bin\git\cmd;C:\laragon\bin\git\mingw64\bin;C:\laragon\bin\git\usr\bin;C:\laragon\bin\laragon\utils;C:\laragon\bin\mysql\mysql-8.0.30-winx64\bin;C:\laragon\bin\nginx\nginx-1.22.0;C:\laragon\bin\ngrok;C:\laragon\bin\nodejs\node-v16.17.1;C:\laragon\bin\notepad++;C:\laragon\bin\php\php-8.2.20-nts-Win32-vs16-x64;C:\laragon\bin\python\python-3.10;C:\laragon\bin\python\python-3.10\Scripts;C:\laragon\bin\redis\redis-x64-5.0.14.1;C:\laragon\bin\telnet;C:\laragon\usr\bin;C:\Users\HP\AppData\Local\Yarn\config\global\node_modules\.bin;C:\Users\HP\AppData\Roaming\Composer\vendor\bin;C:\Users\HP\AppData\Roaming\npm;C:\apache-maven-3.9.6\bin;C:\Program Files\Java\jdk-11\bin;C:\Users\HP\AppData\Local\Programs\Microsoft VS Code\bin;C:\Users\HP\AppData\Local\Microsoft\WindowsApps;C:\Users\HP\AppData\Local\Android\Sdk\platform-tools;C:\Program Files\JetBrains\IntelliJ IDEA Community Edition 2024.1\bin;C:\Users\HP\AppData\Loca
USERNAME=HP
OS=Windows_NT
PROCESSOR_IDENTIFIER=Intel64 Family 6 Model 154 Stepping 4, GenuineIntel
TMP=C:\Users\HP\AppData\Local\Temp
TEMP=C:\Users\HP\AppData\Local\Temp



Periodic native trim disabled


---------------  S Y S T E M  ---------------

OS:
 Windows 11 , 64 bit Build 22621 (10.0.22621.3958)
OS uptime: 0 days 22:37 hours
Hyper-V role detected

CPU: total 12 (initial active 12) (6 cores per cpu, 2 threads per core) family 6 model 154 stepping 4 microcode 0x42c, cx8, cmov, fxsr, ht, mmx, 3dnowpref, sse, sse2, sse3, ssse3, sse4.1, sse4.2, popcnt, lzcnt, tsc, tscinvbit, avx, avx2, aes, erms, clmul, bmi1, bmi2, adx, sha, fma, vzeroupper, clflush, clflushopt, clwb, hv
Processor Information for processor 0
  Max Mhz: 1300, Current Mhz: 1300, Mhz Limit: 1300
Processor Information for processor 1
  Max Mhz: 1300, Current Mhz: 1300, Mhz Limit: 1300
Processor Information for processor 2
  Max Mhz: 1300, Current Mhz: 1300, Mhz Limit: 1300
Processor Information for processor 3
  Max Mhz: 1300, Current Mhz: 1300, Mhz Limit: 1300
Processor Information for processor 4
  Max Mhz: 1300, Current Mhz: 900, Mhz Limit: 897
Processor Information for processor 5
  Max Mhz: 1300, Current Mhz: 900, Mhz Limit: 897
Processor Information for processor 6
  Max Mhz: 1300, Current Mhz: 900, Mhz Limit: 897
Processor Information for processor 7
  Max Mhz: 1300, Current Mhz: 900, Mhz Limit: 897
Processor Information for processor 8
  Max Mhz: 1300, Current Mhz: 900, Mhz Limit: 897
Processor Information for processor 9
  Max Mhz: 1300, Current Mhz: 900, Mhz Limit: 897
Processor Information for processor 10
  Max Mhz: 1300, Current Mhz: 900, Mhz Limit: 897
Processor Information for processor 11
  Max Mhz: 1300, Current Mhz: 900, Mhz Limit: 897

Memory: 4k page, system-wide physical 11956M (141M free)
TotalPageFile size 48820M (AvailPageFile size 1M)
current process WorkingSet (physical memory assigned to process): 185M, peak: 185M
current process commit charge ("private bytes"): 290M, peak: 291M

vm_info: OpenJDK 64-Bit Server VM (17.0.11+9) for windows-amd64 JRE (17.0.11+9), built on Apr 17 2024 06:07:48 by "admin" with MS VC++ 16.10 / 16.11 (VS2019)

END.
